$ sudo apt install ros-melodic-teleop-twist-keyboard

설치


ROS turtle 이용하기 위해서 하는 방법

터미네이터를 여러개 분할하여 실행

터미널 1
$ roscore

터미널 2
$ rosrun turtlesim turtlesim_node

터미널3
$ cs
$ cm
$ rosrun yh_turtle yh_turtle_move


$ rosrun teleop_twist_keyboard teleop_twist_keyboard.py
Waiting for subscriber to connect to /cmd_vel


$ rossevice list
/clear
/kill
/reset
/rosout/get_loggers
/rosout/set_logger_level
/spawn
/turtle1/set_pen
/turtle1/teleport_absolute
/turtle1/teleport_relative
/turtle_circle/get_loggers
/turtle_circle/set_logger_level
/turtlesim/get_loggers
/turtlesim/set_logger_level


$ rosservice info /turtle1/teleport_absolute
Node: /turtlesim
URI: rosrpc://min-System:41777
Type: turtlesim/TeleportAbsolute
Args: x y theta

python
from turtlesim.srv import TeleportAbsolute
self.client_teleport = rospy.ServiceProxy("/turtle1/teleport_absolute", TeleportAbsolute)
self.client_teleport(5.54445, 5.54445 - self.radius, 0)
        


$ rosservice info /clear
Node: /turtlesim
URI: rosrpc://min-System:41777
Type: std_srvs/Empty
Args: 

python
from std_srvs.srv import Empty
self.client_clear = rospy.ServiceProxy("/clear", Empty)
self.client_clear()



연습문제 4번 왜 정확하게 거북이가 안 움직이는지 이유?

통신을 하면 purlish 값의 오차가 생긴다. 시간의 오차가 나기때문에
완벽한 리얼은 존재 하지 않는다.
리얼타임으로 보내도 그 자체가 없고 몇도 돈다는게 리얼하게 정확한 각도로 안 돌수 있다.


여기서 중요한 개념이 나온다

오픈 루프
일방향으로 명령이 내려지는것

클로즈 루프
피드백을 통해서 정보를 주고 받아서 보정을 한다.


$ rostopic list
/rosout
/rosout_agg
/turtle1/cmd_vel
/turtle1/color_sensor
/turtle1/pose


$ rostopic info /turtle1/pose
Type: turtlesim/Pose

Publishers: 
 * /turtlesim (http://min-System:36951/)

Subscribers: None


$ rosmsg show turtlesim/Pose
float32 x
float32 y
float32 theta
float32 linear_velocity
float32 angular_velocity


$ rosservice info /turtle1/set_pen
Node: /turtlesim
URI: rosrpc://min-System:49289
Type: turtlesim/SetPen
Args: r g b width off

$ rossrv show turtlesim/SetPen
uint8 r
uint8 g
uint8 b
uint8 width
uint8 off
---


$ rosrun teleop_twist_keyboard teleop_twist_keyboard.py

Reading from the keyboard  and Publishing to Twist!
---------------------------
Moving around:
   u    i    o
   j    k    l
   m    ,    .

For Holonomic mode (strafing), hold down the shift key:
---------------------------
   U    I    O
   J    K    L
   M    <    >

t : up (+z)
b : down (-z)

anything else : stop

q/z : increase/decrease max speeds by 10%
w/x : increase/decrease only linear speed by 10%
e/c : increase/decrease only angular speed by 10%

CTRL-C to quit

currently:	speed 0.5	turn 1.0 


$ rosrun yh_turtle yh_turtle_keyboard.py  


$ rostopic echo /cmd_vel

linear: 
  x: 0.0
  y: 0.0
  z: -0.73205
angular: 
  x: 0.0
  y: 0.0
  z: 0.0


$ rostopic info /cmd_vel
Type: geometry_msgs/Twist

Publishers: 
 * /teleop_twist_keyboard (http://min-System:45129/)

Subscribers: 
 * /yh_turtle_keyboard_12750_1649648445354 (http://min-System:41761/)

$ rosmsg show geometry_msgs/Twist
geometry_msgs/Vector3 linear
  float64 x
  float64 y
  float64 z
geometry_msgs/Vector3 angular
  float64 x
  float64 y
  float64 z
  
  
$ rosmsg show turtlesim/Pose
float32 x
float32 y
float32 theta
float32 linear_velocity
float32 angular_velocity

$ roslaunch yh_turtle turtle_keyboard.launch
turtle_keyboard.launch
<launch>
    <node pkg="teleop_twist_keyboard" type="teleop_twist_keyboard.py" name="teleop_twist_keyboard"/>
    <node pkg="turtlesim" type="turtlesim_node" name="turtlesim1"/>
    <node pkg="turtlesim" type="turtlesim_node" name="turtlesim2"/>
    <node pkg="yh_turtle" type="turtle_keyboard_pen.py" name="turtle_keyboard_pen"/>
 
</launch>

turtle_pen.launch
<launch>
    <node pkg="turtlesim" type="turtlesim_node" name="turtlesim1"/>
    <node pkg="turtlesim" type="turtlesim_node" name="turtlesim2"/>
    <node pkg="yh_turtle" type="turtle_pen.py" name="turtle_pen" output="screen"/>
</launch>

서비스는 동기고 같은 이름의 서비스는 한개만 존재한다.
그래서 팬사이즈가 각기 다르게 적용 되서 한개만 적용된다.

<launch>
    <!-- <node pkg="teleop_twist_keyboard" type="teleop_twist_keyboard.py" name="teleop_twist_keyboard"/> -->
    <node pkg="turtlesim" type="turtlesim_node" name="turtlesim1"/>
    <group ns="1">
        <node pkg="turtlesim" type="turtlesim_node" name="turtlesim2"/>
        <node pkg="yh_turtle" type="turtle_keyboard_pen_.py" name="turtle_keyboard_pen" output="screen"/>
    </group>
</launch>
group 으로 분리해서 
/1/turtle1/set_pen 을 분리해서 각각 쓸수 있다.
/turtle1/set_pen


ROS 는 통신을

Topic 통신
SERVICE 통신 
ACTION 통신 3개인대
topic 통신은 n 대 n 1 대 n n대 1 가능하다.

service


$ rosservice list
/clear
/kill
/reset
/rosout/get_loggers
/rosout/set_logger_level
/spawn
/teleop_twist_keyboard/get_loggers
/teleop_twist_keyboard/set_logger_level
/turtle1/set_pen
/turtle1/teleport_absolute
/turtle1/teleport_relative
/turtle_keyboard/get_loggers
/turtle_keyboard/set_logger_level
/turtlesim1/get_loggers

(base) min@min-System:~/catkin_ws/src$ rostopic list/cmd_vel
/rosout
/rosout_agg
/turtle1/cmd_vel
/turtle1/color_sensor
/turtle1/pose

(base) min@min-System:~/catkin_ws/src$ rosservice list
/clear
/kill
/reset
/rosout/get_loggers
/rosout/set_logger_level
/spawn
/teleop_twist_keyboard/get_loggers
/teleop_twist_keyboard/set_logger_level
/turtle1/set_pen
/turtle1/teleport_absolute
/turtle1/teleport_relative
/turtle_keyboard/get_loggers
/turtle_keyboard/set_logger_level
/turtlesim1/get_loggers
/turtlesim1/set_logger_level

(base) min@min-System:~/catkin_ws/src$ rosparam list
/rosdistro
/roslaunch/uris/host_min_system__37563
/roslaunch/uris/host_min_system__39739
/rosversion
/run_id
/turtlesim1/background_b
/turtlesim1/background_g
/turtlesim1/background_r


(base) min@min-System:~/catkin_ws/src$ rosparam set /turtlesim1/background_b 0

(base) min@min-System:~/catkin_ws/src$ rosservice call /reset



    my_operator = rospy.get_param("calculation_method")

파라미터로 설정

<launch>
    <node pkg="teleop_twist_keyboard" type="teleop_twist_keyboard.py" name="teleop_twist_keyboard"/>
    <node pkg="turtlesim" type="turtlesim_node" name="turtlesim1"/>
    <node pkg="yh_turtle" type="yh_turtle_keyboard.py" name="turtle_keyboard" output="screen"/>
    <param name="turtlesim1/background_r" value="128"/>
    <param name="turtlesim1/background_g" value="0"/>
    <param name="turtlesim1/background_b" value="0"/>
</launch>

백그라운드의 파라미터 서버에서 적용되서 배경색이 바뀐다. 
name="turtlesim1" 으로 만들어서 
<param name="turtlesim1/background_r" value="128"/> 배경색을 바꾼다.


직접 하나 하나 작성하기 힘들어서 직접 받아서 쓸려고 수정
<launch>
    <arg name="r" default="128" />
    <node pkg="teleop_twist_keyboard" type="teleop_twist_keyboard.py" name="teleop_twist_keyboard"/>
    <node pkg="turtlesim" type="turtlesim_node" name="turtlesim1"/>
    <node pkg="yh_turtle" type="yh_turtle_keyboard.py" name="turtle_keyboard" output="screen"/>
    <param name="turtlesim1/background_r" value="$(arg r)"/>
    <param name="turtlesim1/background_g" value="128"/>
    <param name="turtlesim1/background_b" value="0"/>
</launch>

(base) min@min-System:~$ roslaunch yh_turtle turtle_keyboard.launch r:=0

이것으로 r 값을 바꾼다.

<launch>
    <arg name="r" default="128" />
    <arg name="g" default="128" />
    <arg name="b" default="128" />

    <node pkg="teleop_twist_keyboard" type="teleop_twist_keyboard.py" name="teleop_twist_keyboard"/>
    <node pkg="turtlesim" type="turtlesim_node" name="turtlesim1"/>
    <node pkg="yh_turtle" type="yh_turtle_keyboard.py" name="turtle_keyboard" output="screen"/>
    <param name="turtlesim1/background_r" value="$(arg r)"/>
    <param name="turtlesim1/background_g" value="$(arg g"/>
    <param name="turtlesim1/background_b" value="$(arg b"/>
</launch>


(base) min@min-System:~$ roslaunch yh_turtle turtle_keyboard.launch r:=255 g:=0 b:=128
 파라미터 값을 지정해서 쓴다.


<launch>
<!--   <arg name="r" default="128" />
    <arg name="g" default="128" />
    <arg name="b" default="128" />
--> 
    <node pkg="teleop_twist_keyboard" type="teleop_twist_keyboard.py" name="teleop_twist_keyboard">
        <remap from="cmd_vel" to="/turtle1/cmd_vel"/>
    </node>
    <node pkg="turtlesim" type="turtlesim_node" name="turtlesim"/>

<!--    
    <node pkg="yh_turtle" type="yh_turtle_keyboard.py" name="turtle_keyboard" output="screen"/>
    <param name="turtlesim/background_r" value="$(arg r)"/>
    <param name="turtlesim/background_g" value="$(arg g"/>
    <param name="turtlesim/background_b" value="$(arg b"/>
-->     
</launch>


remap 으로 cmd_vel을 받아서  turtle1.cmd_vel로 전달한다..


git에서 turtlebot3 melodic 버전을 ros의 src 폴더에 다운 받는다. 
$ cs

$ git clone "https://github.com/ROBOTIS-GIT/turtlebot3.git"

$ sudo apt install ros-melodic-turtlebot3-msgs ros-melodic-turtlebot3-gazebo

$ roslaunch turtlebot3_gazebo turtlebot3_world.launch
error 났음..

어떤 로봇인지 안 알려줌.. 변수는 환경변수에서 알려줌. 
$ export TURTLEBOT3_MODEL=waffle

$  echo $TURTLEBOT3_MODEL
waffle
export로 하면 저장이 안됨..

$ roslaunch turtlebot3_gazebo turtlebot3_world.launch


vmware 로 ros melodic을 설치한경우
$ echo "export SVGA_VGPU10=0">>~/.profile
$ export SVGA_VGPU10=0

$ gedit ~/.bashrc 에 넣는다

$ roslaunch turtlebot3_teleop turtlebot3_teleop_key.launch

$ roslaunch turtlebot3_gazebo turtlebot3_empty_world.launch

$ rosrun teleop_twist_keyboard teleop_twist_keyboard.py

$ rqt_graph

(base) min@min-System:~$ rostopic list
/camera/depth/camera_info
/camera/depth/image_raw
/camera/depth/points
/camera/parameter_descriptions
/camera/parameter_updates
/camera/rgb/camera_info
/camera/rgb/image_raw
/camera/rgb/image_raw/compressed
/camera/rgb/image_raw/compressed/parameter_descriptions
/camera/rgb/image_raw/compressed/parameter_updates
/camera/rgb/image_raw/compressedDepth
/camera/rgb/image_raw/compressedDepth/parameter_descriptions
/camera/rgb/image_raw/compressedDepth/parameter_updates
/camera/rgb/image_raw/theora
/camera/rgb/image_raw/theora/parameter_descriptions
/camera/rgb/image_raw/theora/parameter_updates
/clock
/cmd_vel
/gazebo/link_states
/gazebo/model_states
/gazebo/parameter_descriptions
/gazebo/parameter_updates
/gazebo/set_link_state
/gazebo/set_model_state
/imu
/joint_states
/odom
/rosout
/rosout_agg
/scan
/statistics
/tf
(base) min@min-System:~$ rostopic info /gazebo/model_states
Type: gazebo_msgs/ModelStates

Publishers: 
 * /gazebo (http://min-System:37733/)

Subscribers: None


(base) min@min-System:~$ rosmsg show gazebo_msgs/ModelStates
string[] name
geometry_msgs/Pose[] pose
  geometry_msgs/Point position
    float64 x
    float64 y
    float64 z
  geometry_msgs/Quaternion orientation
    float64 x
    float64 y
    float64 z
    float64 w
geometry_msgs/Twist[] twist
  geometry_msgs/Vector3 linear
    float64 x
    float64 y
    float64 z
  geometry_msgs/Vector3 angular
    float64 x
    float64 y
    float64 z


$ roscore

$ roslaunch turtlebot3_gazebo turtlebot3_world.launch

$ rosrun rviz rviz

fixed_name base_scan

Add -> by Topic -> laser scan 추가








