우선 stella_c4 폴더에 /home/odroid/catkin_ws/src/STELLA_ODROID_C4
에 stella          stella_description  stella_teleop
stella_bringup  stella_navigation   stella_teleop_bluetooth
stella_camera   stella_slam
를 설치한다.

cm 으로 빌딩할때 에러가 발생한다.
stella_description  stella_teleop
stella_navigation stella_slam
를 폴더를 추가를 한다.
STELLA_REMOTE_PC_N2 폴더에서 이 폴더를 카피해서 
/home/odroid/catkin_ws/src/STELLA_ODROID_C4
에 복사해 놓았다.

처음 catkin_make 로 빌딩할때 amcl 패키지가 없다고 해서 추가 했다.

$ sudo apt install ros-noetic-amcl

다시 cm 빌딩 해서 error 발생

CMake Error at /opt/ros/noetic/share/catkin/cmake/catkinConfig.cmake:83 (find_package):
  Could not find a package configuration file provided by "map_server" with
  any of the following names:

    map_serverConfig.cmake
    map_server-config.cmake

$ sudo apt-get install ros-noetic-map-server


-- Could not find the required component 'move_base'. The following CMake error indicates that you either need to install the package with the same name or change your environment so that it can be found.
CMake Error at /opt/ros/noetic/share/catkin/cmake/catkinConfig.cmake:83 (find_package):
  Could not find a package configuration file provided by "move_base" with
  any of the following names:

    move_baseConfig.cmake
    move_base-config.cmake

$ sudo apt-get install ros-noetic-move-base

cm 빌딩 되었음...

roslaunch 할때 cartographer-ros가 설처기 안되었다고 해서..설치함

$ roslaunch stella_slam stella_slam.launch


**********************************************************************************
https://google-cartographer-ros.readthedocs.io/en/latest/compilation.html

Building & Installation
In order to build Cartographer ROS, we recommend using wstool and rosdep. For faster builds, we also recommend using Ninja.

On Ubuntu Focal with ROS Noetic use these commands to install the above tools:

sudo apt-get update
sudo apt-get install -y python3-wstool python3-rosdep ninja-build stow
On older distributions:

sudo apt-get update
sudo apt-get install -y python-wstool python-rosdep ninja-build stow
After the tools are installed, create a new cartographer_ros workspace in ‘catkin_ws’.

mkdir catkin_ws
cd catkin_ws
wstool init src
wstool merge -t src https://raw.githubusercontent.com/cartographer-project/cartographer_ros/master/cartographer_ros.rosinstall
wstool update -t src
Now you need to install cartographer_ros’ dependencies. First, we use rosdep to install the required packages. The command ‘sudo rosdep init’ will print an error if you have already executed it since installing ROS. This error can be ignored.

sudo rosdep init
rosdep update
rosdep install --from-paths src --ignore-src --rosdistro=${ROS_DISTRO} -y

# Only on Ubuntu 16 / ROS Kinetic: src/cartographer/scripts/install_proto3.sh
Cartographer uses the abseil-cpp library that needs to be manually installed using this script:

src/cartographer/scripts/install_abseil.sh
Due to conflicting versions you might need to uninstall the ROS abseil-cpp using

sudo apt-get remove ros-${ROS_DISTRO}-abseil-cpp
Build and install.

catkin_make_isolated --install --use-ninja
This builds Cartographer from the latest HEAD of the master branch. If you want a specific version, you need to change the version in the cartographer_ros.rosinstall.



$ source /home/min/catkin_ws/install_isolated/setup.bash


setup.bash  인식


$ roslaunch stella_navigtion stella_navigation.launch map_file:=$HOME/map.yaml



